// Jest Snapshot v1, https://goo.gl/fbAQLP

exports[`Footer rights component Footer rights snapshot 1`] = `
Object {
  "asFragment": [Function],
  "baseElement": <body>
    <div>
      <div
        class="ant-row ant-row-center ant-row-middle footer-rights"
      >
        <div
          class="ant-col ant-col-24"
        >
          <div
            class="ant-row ant-row-center"
          >
            <span>
              © 2022 CRYPTO-INFO.NET
            </span>
          </div>
        </div>
        <div
          class="ant-col ant-col-24"
        >
          <div
            class="ant-row ant-row-center"
          >
            <span>
              All Rights Reserved © 2022 CRYPTO-INFO.NET
            </span>
          </div>
        </div>
      </div>
    </div>
  </body>,
  "container": <div>
    <div
      class="ant-row ant-row-center ant-row-middle footer-rights"
    >
      <div
        class="ant-col ant-col-24"
      >
        <div
          class="ant-row ant-row-center"
        >
          <span>
            © 2022 CRYPTO-INFO.NET
          </span>
        </div>
      </div>
      <div
        class="ant-col ant-col-24"
      >
        <div
          class="ant-row ant-row-center"
        >
          <span>
            All Rights Reserved © 2022 CRYPTO-INFO.NET
          </span>
        </div>
      </div>
    </div>
  </div>,
  "debug": [Function],
  "findAllByAltText": [Function],
  "findAllByDisplayValue": [Function],
  "findAllByLabelText": [Function],
  "findAllByPlaceholderText": [Function],
  "findAllByRole": [Function],
  "findAllByTestId": [Function],
  "findAllByText": [Function],
  "findAllByTitle": [Function],
  "findByAltText": [Function],
  "findByDisplayValue": [Function],
  "findByLabelText": [Function],
  "findByPlaceholderText": [Function],
  "findByRole": [Function],
  "findByTestId": [Function],
  "findByText": [Function],
  "findByTitle": [Function],
  "getAllByAltText": [Function],
  "getAllByDisplayValue": [Function],
  "getAllByLabelText": [Function],
  "getAllByPlaceholderText": [Function],
  "getAllByRole": [Function],
  "getAllByTestId": [Function],
  "getAllByText": [Function],
  "getAllByTitle": [Function],
  "getByAltText": [Function],
  "getByDisplayValue": [Function],
  "getByLabelText": [Function],
  "getByPlaceholderText": [Function],
  "getByRole": [Function],
  "getByTestId": [Function],
  "getByText": [Function],
  "getByTitle": [Function],
  "queryAllByAltText": [Function],
  "queryAllByDisplayValue": [Function],
  "queryAllByLabelText": [Function],
  "queryAllByPlaceholderText": [Function],
  "queryAllByRole": [Function],
  "queryAllByTestId": [Function],
  "queryAllByText": [Function],
  "queryAllByTitle": [Function],
  "queryByAltText": [Function],
  "queryByDisplayValue": [Function],
  "queryByLabelText": [Function],
  "queryByPlaceholderText": [Function],
  "queryByRole": [Function],
  "queryByTestId": [Function],
  "queryByText": [Function],
  "queryByTitle": [Function],
  "rerender": [Function],
  "unmount": [Function],
}
`;
